Chronologic VCS simulator copyright 1991-2022
Contains Synopsys proprietary information.
Compiler version T-2022.06-SP2_Full64; Runtime version T-2022.06-SP2_Full64;  Apr  4 17:53 2026
[FSM] 000 -> xxx
[0] System Asserting Reset...
[275000] Streaming frame 0: 11.png (pass 0)
[275000] Loading image into memory array: /users/epnyrk/Project/design/work/ProjectA/results/by_image/11/image_in.hex
[275000] Loading complete. Streaming to DUT...
[285000] SOF_ACCEPTED: frame=11.png pass=0 fw=0 addr=0x00000000 row=0
[295000] SOF_POST: frame=11.png pass=0 fw=0 addr=0x00000000 row=0 last_row=0 pix_idx=1 state=0
[51840285000] FRAME_WRITTEN: asserted (frame=11.png pass=0 addr=0x007e9000 row=1079 last_row=1 pix_idx=0)
[95940785000] GEO_DONE: bbox=[0,0,0,0] label=0
[95940805000] ROI_FETCH: bbox=[541,637,540,631] label=1 frame_written=1 addr=0x007e9000 row=1079 last_row=1
[96667875000] ID_CHECK: frame=11.png pass=0 geom_detected=1 current_id=17 last_valid_id=17 csr_class=17
[DETECTION] Sign candidate exists. bbox=[541,637,540,631] current_id=17
[96667915000] Streaming frame 1: 12.png (pass 0)
[96667915000] Loading image into memory array: /users/epnyrk/Project/design/work/ProjectA/results/by_image/12/image_in.hex
[96667915000] Loading complete. Streaming to DUT...
[96667925000] SOF_ACCEPTED: frame=12.png pass=0 fw=1 addr=0x007e9000 row=1079
[96667935000] SOF_POST: frame=12.png pass=0 fw=0 addr=0x00000000 row=0 last_row=0 pix_idx=1 state=0
[148507925000] FRAME_WRITTEN: asserted (frame=12.png pass=0 addr=0x007e9000 row=1079 last_row=1 pix_idx=0)
[192606745000] GEO_DONE: bbox=[541,637,540,631] label=1
[192606895000] ID_CHECK: frame=12.png pass=0 geom_detected=0 current_id=255 last_valid_id=17 csr_class=17
[DETECTION] No sign candidate (no bbox). current_id=255 last_valid_id=17
[192606935000] Streaming frame 2: 13.png (pass 0)
[192606935000] Loading image into memory array: /users/epnyrk/Project/design/work/ProjectA/results/by_image/13/image_in.hex
[192606935000] Loading complete. Streaming to DUT...
[192606945000] SOF_ACCEPTED: frame=13.png pass=0 fw=1 addr=0x007e9000 row=1079
[192606955000] SOF_POST: frame=13.png pass=0 fw=0 addr=0x00000000 row=0 last_row=0 pix_idx=1 state=0
[244446945000] FRAME_WRITTEN: asserted (frame=13.png pass=0 addr=0x007e9000 row=1079 last_row=1 pix_idx=0)
[288545735000] GEO_DONE: bbox=[541,637,540,631] label=1
[288545885000] ID_CHECK: frame=13.png pass=0 geom_detected=0 current_id=255 last_valid_id=17 csr_class=17
[DETECTION] No sign candidate (no bbox). current_id=255 last_valid_id=17
[288545925000] Streaming frame 3: 14.png (pass 0)
[288545925000] Loading image into memory array: /users/epnyrk/Project/design/work/ProjectA/results/by_image/14/image_in.hex
[288545925000] Loading complete. Streaming to DUT...
[288545935000] SOF_ACCEPTED: frame=14.png pass=0 fw=1 addr=0x007e9000 row=1079
[288545945000] SOF_POST: frame=14.png pass=0 fw=0 addr=0x00000000 row=0 last_row=0 pix_idx=1 state=0
[340385935000] FRAME_WRITTEN: asserted (frame=14.png pass=0 addr=0x007e9000 row=1079 last_row=1 pix_idx=0)
[384485505000] GEO_DONE: bbox=[541,637,540,631] label=1
[384485525000] ROI_FETCH: bbox=[1604,1668,618,677] label=1 frame_written=1 addr=0x007e9000 row=1079 last_row=1
[385212595000] ID_CHECK: frame=14.png pass=0 geom_detected=1 current_id=14 last_valid_id=14 csr_class=14
[DETECTION] Sign candidate exists. bbox=[1604,1668,618,677] current_id=14
[385212635000] Streaming frame 4: 15.png (pass 0)
[385212635000] Loading image into memory array: /users/epnyrk/Project/design/work/ProjectA/results/by_image/15/image_in.hex
[385212635000] Loading complete. Streaming to DUT...
[385212645000] SOF_ACCEPTED: frame=15.png pass=0 fw=1 addr=0x007e9000 row=1079
[385212655000] SOF_POST: frame=15.png pass=0 fw=0 addr=0x00000000 row=0 last_row=0 pix_idx=1 state=0
[437052645000] FRAME_WRITTEN: asserted (frame=15.png pass=0 addr=0x007e9000 row=1079 last_row=1 pix_idx=0)
[481151945000] GEO_DONE: bbox=[1604,1668,618,677] label=1
[481151965000] ROI_FETCH: bbox=[1482,1534,643,685] label=1 frame_written=1 addr=0x007e9000 row=1079 last_row=1
[481879035000] ID_CHECK: frame=15.png pass=0 geom_detected=1 current_id=8 last_valid_id=8 csr_class=8
[DETECTION] Sign candidate exists. bbox=[1482,1534,643,685] current_id=8
[481879075000] Streaming frame 5: 16.png (pass 0)
[481879075000] Loading image into memory array: /users/epnyrk/Project/design/work/ProjectA/results/by_image/16/image_in.hex
[481879075000] Loading complete. Streaming to DUT...
[481879085000] SOF_ACCEPTED: frame=16.png pass=0 fw=1 addr=0x007e9000 row=1079
[481879095000] SOF_POST: frame=16.png pass=0 fw=0 addr=0x00000000 row=0 last_row=0 pix_idx=1 state=0
[533719085000] FRAME_WRITTEN: asserted (frame=16.png pass=0 addr=0x007e9000 row=1079 last_row=1 pix_idx=0)
[577818055000] GEO_DONE: bbox=[1482,1534,643,685] label=1
[577818075000] ROI_FETCH: bbox=[1480,1516,632,668] label=1 frame_written=1 addr=0x007e9000 row=1079 last_row=1
[578545145000] ID_CHECK: frame=16.png pass=0 geom_detected=1 current_id=0 last_valid_id=0 csr_class=0
[DETECTION] Sign candidate exists. bbox=[1480,1516,632,668] current_id=0
[578545185000] Streaming frame 6: 17.png (pass 0)
[578545185000] Loading image into memory array: /users/epnyrk/Project/design/work/ProjectA/results/by_image/17/image_in.hex
[578545185000] Loading complete. Streaming to DUT...
[578545195000] SOF_ACCEPTED: frame=17.png pass=0 fw=1 addr=0x007e9000 row=1079
[578545205000] SOF_POST: frame=17.png pass=0 fw=0 addr=0x00000000 row=0 last_row=0 pix_idx=1 state=0
[630385195000] FRAME_WRITTEN: asserted (frame=17.png pass=0 addr=0x007e9000 row=1079 last_row=1 pix_idx=0)
[674492605000] GEO_DONE: bbox=[1480,1516,632,668] label=1
[674492625000] ROI_FETCH: bbox=[1756,1808,645,690] label=4 frame_written=1 addr=0x007e9000 row=1079 last_row=1
[675219695000] ID_CHECK: frame=17.png pass=0 geom_detected=1 current_id=9 last_valid_id=9 csr_class=9
[DETECTION] Sign candidate exists. bbox=[1756,1808,645,690] current_id=9
[675219735000] Streaming frame 7: 18.png (pass 0)
[675219735000] Loading image into memory array: /users/epnyrk/Project/design/work/ProjectA/results/by_image/18/image_in.hex
[675219735000] Loading complete. Streaming to DUT...
[675219745000] SOF_ACCEPTED: frame=18.png pass=0 fw=1 addr=0x007e9000 row=1079
[675219755000] SOF_POST: frame=18.png pass=0 fw=0 addr=0x00000000 row=0 last_row=0 pix_idx=1 state=0
[727059745000] FRAME_WRITTEN: asserted (frame=18.png pass=0 addr=0x007e9000 row=1079 last_row=1 pix_idx=0)
[771166645000] GEO_DONE: bbox=[1756,1808,645,690] label=4
[771166665000] ROI_FETCH: bbox=[1426,1459,620,652] label=1 frame_written=1 addr=0x007e9000 row=1079 last_row=1
[771893735000] ID_CHECK: frame=18.png pass=0 geom_detected=1 current_id=5 last_valid_id=5 csr_class=5
[DETECTION] Sign candidate exists. bbox=[1426,1459,620,652] current_id=5
[771893775000] Streaming frame 8: 19.png (pass 0)
[771893775000] Loading image into memory array: /users/epnyrk/Project/design/work/ProjectA/results/by_image/19/image_in.hex
[771893775000] Loading complete. Streaming to DUT...
[771893785000] SOF_ACCEPTED: frame=19.png pass=0 fw=1 addr=0x007e9000 row=1079
[771893795000] SOF_POST: frame=19.png pass=0 fw=0 addr=0x00000000 row=0 last_row=0 pix_idx=1 state=0
[823733785000] FRAME_WRITTEN: asserted (frame=19.png pass=0 addr=0x007e9000 row=1079 last_row=1 pix_idx=0)
[867846055000] GEO_DONE: bbox=[1426,1459,620,652] label=1
[867846205000] ID_CHECK: frame=19.png pass=0 geom_detected=0 current_id=255 last_valid_id=5 csr_class=5
[DETECTION] No sign candidate (no bbox). current_id=255 last_valid_id=5
[867846245000] Streaming frame 9: 20.png (pass 0)
[867846245000] Loading image into memory array: /users/epnyrk/Project/design/work/ProjectA/results/by_image/20/image_in.hex
[867846245000] Loading complete. Streaming to DUT...
[867846255000] SOF_ACCEPTED: frame=20.png pass=0 fw=1 addr=0x007e9000 row=1079
[867846265000] SOF_POST: frame=20.png pass=0 fw=0 addr=0x00000000 row=0 last_row=0 pix_idx=1 state=0
[919686255000] FRAME_WRITTEN: asserted (frame=20.png pass=0 addr=0x007e9000 row=1079 last_row=1 pix_idx=0)
[963795255000] GEO_DONE: bbox=[1426,1459,620,652] label=1
[963795275000] ROI_FETCH: bbox=[1706,1739,710,741] label=29 frame_written=1 addr=0x007e9000 row=1079 last_row=1
[964522345000] ID_CHECK: frame=20.png pass=0 geom_detected=1 current_id=12 last_valid_id=12 csr_class=12
[DETECTION] Sign candidate exists. bbox=[1706,1739,710,741] current_id=12
[964522385000] Streaming frame 10: 21.png (pass 0)
[964522385000] Loading image into memory array: /users/epnyrk/Project/design/work/ProjectA/results/by_image/21/image_in.hex
[964522385000] Loading complete. Streaming to DUT...
[964522395000] SOF_ACCEPTED: frame=21.png pass=0 fw=1 addr=0x007e9000 row=1079
[964522405000] SOF_POST: frame=21.png pass=0 fw=0 addr=0x00000000 row=0 last_row=0 pix_idx=1 state=0
[1016362395000] FRAME_WRITTEN: asserted (frame=21.png pass=0 addr=0x007e9000 row=1079 last_row=1 pix_idx=0)
[1060470735000] GEO_DONE: bbox=[1706,1739,710,741] label=29
[1060470755000] ROI_FETCH: bbox=[1574,1625,630,679] label=1 frame_written=1 addr=0x007e9000 row=1079 last_row=1
[1061197825000] ID_CHECK: frame=21.png pass=0 geom_detected=1 current_id=12 last_valid_id=12 csr_class=12
[DETECTION] Sign candidate exists. bbox=[1574,1625,630,679] current_id=12
[1061197865000] Streaming frame 11: 22.png (pass 0)
[1061197865000] Loading image into memory array: /users/epnyrk/Project/design/work/ProjectA/results/by_image/22/image_in.hex
[1061197865000] Loading complete. Streaming to DUT...
[1061197875000] SOF_ACCEPTED: frame=22.png pass=0 fw=1 addr=0x007e9000 row=1079
[1061197885000] SOF_POST: frame=22.png pass=0 fw=0 addr=0x00000000 row=0 last_row=0 pix_idx=1 state=0
[1113037875000] FRAME_WRITTEN: asserted (frame=22.png pass=0 addr=0x007e9000 row=1079 last_row=1 pix_idx=0)
[1157150265000] GEO_DONE: bbox=[1574,1625,630,679] label=1
[1157150285000] ROI_FETCH: bbox=[641,678,600,638] label=57 frame_written=1 addr=0x007e9000 row=1079 last_row=1
[1157877355000] ID_CHECK: frame=22.png pass=0 geom_detected=1 current_id=15 last_valid_id=15 csr_class=15
[DETECTION] Sign candidate exists. bbox=[641,678,600,638] current_id=15
[1157877395000] Streaming frame 12: 23.png (pass 0)
[1157877395000] Loading image into memory array: /users/epnyrk/Project/design/work/ProjectA/results/by_image/23/image_in.hex
[1157877395000] Loading complete. Streaming to DUT...
[1157877405000] SOF_ACCEPTED: frame=23.png pass=0 fw=1 addr=0x007e9000 row=1079
[1157877415000] SOF_POST: frame=23.png pass=0 fw=0 addr=0x00000000 row=0 last_row=0 pix_idx=1 state=0
[1209717405000] FRAME_WRITTEN: asserted (frame=23.png pass=0 addr=0x007e9000 row=1079 last_row=1 pix_idx=0)
[1253835455000] GEO_DONE: bbox=[641,678,600,638] label=57
[1253835605000] ID_CHECK: frame=23.png pass=0 geom_detected=0 current_id=255 last_valid_id=15 csr_class=15
[DETECTION] No sign candidate (no bbox). current_id=255 last_valid_id=15
[1253835645000] Streaming frame 13: 24.png (pass 0)
[1253835645000] Loading image into memory array: /users/epnyrk/Project/design/work/ProjectA/results/by_image/24/image_in.hex
[1253835645000] Loading complete. Streaming to DUT...
[1253835655000] SOF_ACCEPTED: frame=24.png pass=0 fw=1 addr=0x007e9000 row=1079
[1253835665000] SOF_POST: frame=24.png pass=0 fw=0 addr=0x00000000 row=0 last_row=0 pix_idx=1 state=0
[1305675655000] FRAME_WRITTEN: asserted (frame=24.png pass=0 addr=0x007e9000 row=1079 last_row=1 pix_idx=0)
[1349796495000] GEO_DONE: bbox=[641,678,600,638] label=57
[1349796515000] ROI_FETCH: bbox=[224,305,510,586] label=49 frame_written=1 addr=0x007e9000 row=1079 last_row=1
[1350523585000] ID_CHECK: frame=24.png pass=0 geom_detected=1 current_id=15 last_valid_id=15 csr_class=15
[DETECTION] Sign candidate exists. bbox=[224,305,510,586] current_id=15
[1350523625000] Streaming frame 14: 25.png (pass 0)
[1350523625000] Loading image into memory array: /users/epnyrk/Project/design/work/ProjectA/results/by_image/25/image_in.hex
[1350523625000] Loading complete. Streaming to DUT...
[1350523635000] SOF_ACCEPTED: frame=25.png pass=0 fw=1 addr=0x007e9000 row=1079
[1350523645000] SOF_POST: frame=25.png pass=0 fw=0 addr=0x00000000 row=0 last_row=0 pix_idx=1 state=0
[1402363635000] FRAME_WRITTEN: asserted (frame=25.png pass=0 addr=0x007e9000 row=1079 last_row=1 pix_idx=0)
[1446479885000] GEO_DONE: bbox=[224,305,510,586] label=49
[1446479905000] ROI_FETCH: bbox=[333,375,572,617] label=1 frame_written=1 addr=0x007e9000 row=1079 last_row=1
[1447206975000] ID_CHECK: frame=25.png pass=0 geom_detected=1 current_id=7 last_valid_id=7 csr_class=7
[DETECTION] Sign candidate exists. bbox=[333,375,572,617] current_id=7
[1447207015000] Streaming frame 15: 27.png (pass 0)
[1447207015000] Loading image into memory array: /users/epnyrk/Project/design/work/ProjectA/results/by_image/27/image_in.hex
[1447207015000] Loading complete. Streaming to DUT...
[1447207025000] SOF_ACCEPTED: frame=27.png pass=0 fw=1 addr=0x007e9000 row=1079
[1447207035000] SOF_POST: frame=27.png pass=0 fw=0 addr=0x00000000 row=0 last_row=0 pix_idx=1 state=0
[1499047025000] FRAME_WRITTEN: asserted (frame=27.png pass=0 addr=0x007e9000 row=1079 last_row=1 pix_idx=0)
[1543195925000] GEO_DONE: bbox=[333,375,572,617] label=1
[1543195945000] ROI_FETCH: bbox=[386,443,638,696] label=78 frame_written=1 addr=0x007e9000 row=1079 last_row=1
[1543923015000] ID_CHECK: frame=27.png pass=0 geom_detected=1 current_id=7 last_valid_id=7 csr_class=7
[DETECTION] Sign candidate exists. bbox=[386,443,638,696] current_id=7
[1543923055000] Streaming frame 16: 6.png (pass 0)
[1543923055000] Loading image into memory array: /users/epnyrk/Project/design/work/ProjectA/results/by_image/6/image_in.hex
[1543923055000] Loading complete. Streaming to DUT...
[1543923065000] SOF_ACCEPTED: frame=6.png pass=0 fw=1 addr=0x007e9000 row=1079
[1543923075000] SOF_POST: frame=6.png pass=0 fw=0 addr=0x00000000 row=0 last_row=0 pix_idx=1 state=0
[1595763065000] FRAME_WRITTEN: asserted (frame=6.png pass=0 addr=0x007e9000 row=1079 last_row=1 pix_idx=0)
[1639901195000] GEO_DONE: bbox=[386,443,638,696] label=78
[1639901215000] ROI_FETCH: bbox=[813,861,619,669] label=1 frame_written=1 addr=0x007e9000 row=1079 last_row=1
[1640628285000] ID_CHECK: frame=6.png pass=0 geom_detected=1 current_id=9 last_valid_id=9 csr_class=9
[DETECTION] Sign candidate exists. bbox=[813,861,619,669] current_id=9
[1640628325000] Streaming frame 17: 7.png (pass 0)
[1640628325000] Loading image into memory array: /users/epnyrk/Project/design/work/ProjectA/results/by_image/7/image_in.hex
[1640628325000] Loading complete. Streaming to DUT...
[1640628335000] SOF_ACCEPTED: frame=7.png pass=0 fw=1 addr=0x007e9000 row=1079
[1640628345000] SOF_POST: frame=7.png pass=0 fw=0 addr=0x00000000 row=0 last_row=0 pix_idx=1 state=0
[1692468335000] FRAME_WRITTEN: asserted (frame=7.png pass=0 addr=0x007e9000 row=1079 last_row=1 pix_idx=0)
[1736607995000] GEO_DONE: bbox=[813,861,619,669] label=1
[1736608015000] ROI_FETCH: bbox=[1789,1835,593,643] label=15 frame_written=1 addr=0x007e9000 row=1079 last_row=1
[1737335085000] ID_CHECK: frame=7.png pass=0 geom_detected=1 current_id=16 last_valid_id=16 csr_class=16
[DETECTION] Sign candidate exists. bbox=[1789,1835,593,643] current_id=16
[1737335125000] Streaming frame 18: slippery_road_redcar.jpg (pass 0)
[1737335125000] Loading image into memory array: /users/epnyrk/Project/design/work/ProjectA/results/by_image/slippery_road_redcar/image_in.hex
[1737335125000] Loading complete. Streaming to DUT...
[1737335135000] SOF_ACCEPTED: frame=slippery_road_redcar.jpg pass=0 fw=1 addr=0x007e9000 row=1079
[1737335145000] SOF_POST: frame=slippery_road_redcar.jpg pass=0 fw=0 addr=0x00000000 row=0 last_row=0 pix_idx=1 state=0
[1789175135000] FRAME_WRITTEN: asserted (frame=slippery_road_redcar.jpg pass=0 addr=0x007e9000 row=1079 last_row=1 pix_idx=0)
[1833321035000] GEO_DONE: bbox=[1789,1835,593,643] label=15
[1833321055000] ROI_FETCH: bbox=[2,130,527,631] label=2 frame_written=1 addr=0x007e9000 row=1079 last_row=1
[1834048125000] ID_CHECK: frame=slippery_road_redcar.jpg pass=0 geom_detected=1 current_id=11 last_valid_id=11 csr_class=11
[DETECTION] Sign candidate exists. bbox=[2,130,527,631] current_id=11
[1834048165000] Streaming frame 19: 2.jpeg (pass 0)
[1834048165000] Loading image into memory array: /users/epnyrk/Project/design/work/ProjectA/results/by_image/2/image_in.hex
[1834048165000] Loading complete. Streaming to DUT...
[1834048175000] SOF_ACCEPTED: frame=2.jpeg pass=0 fw=1 addr=0x007e9000 row=1079
[1834048185000] SOF_POST: frame=2.jpeg pass=0 fw=0 addr=0x00000000 row=0 last_row=0 pix_idx=1 state=0
[1885888175000] FRAME_WRITTEN: asserted (frame=2.jpeg pass=0 addr=0x007e9000 row=1079 last_row=1 pix_idx=0)
[1930247585000] GEO_DONE: bbox=[2,130,527,631] label=2
[1930247735000] ID_CHECK: frame=2.jpeg pass=0 geom_detected=0 current_id=255 last_valid_id=11 csr_class=11
[DETECTION] No sign candidate (no bbox). current_id=255 last_valid_id=11
[1930247775000] Streaming frame 20: 5.jpeg (pass 0)
[1930247775000] Loading image into memory array: /users/epnyrk/Project/design/work/ProjectA/results/by_image/5/image_in.hex
[1930247775000] Loading complete. Streaming to DUT...
[1930247785000] SOF_ACCEPTED: frame=5.jpeg pass=0 fw=1 addr=0x007e9000 row=1079
[1930247795000] SOF_POST: frame=5.jpeg pass=0 fw=0 addr=0x00000000 row=0 last_row=0 pix_idx=1 state=0
[1982087785000] FRAME_WRITTEN: asserted (frame=5.jpeg pass=0 addr=0x007e9000 row=1079 last_row=1 pix_idx=0)
[2026405045000] GEO_DONE: bbox=[2,130,527,631] label=2
[2026405195000] ID_CHECK: frame=5.jpeg pass=0 geom_detected=0 current_id=255 last_valid_id=11 csr_class=11
[DETECTION] No sign candidate (no bbox). current_id=255 last_valid_id=11
$finish called from file "design/work/ProjectA/tb/road_sign_detector_top_tb.sv", line 1400.
$finish at simulation time        2026406235000
           V C S   S i m u l a t i o n   R e p o r t 
Time: 2026406235000 ps
CPU Time:   1278.010 seconds;       Data structure size:   2.1Mb
Sat Apr  4 18:15:12 2026
